 sudo yum install httpd
 
Обычно, после завершения установки вам не придется
больше ничего настраиватьбудет слушать все соединения на порту 80.
Запустите службу с помощью команды:
 
	systemctl start httpd
	
	sudo systemctl enable httpd

Вторая команда добавляет программу в автозагрузку. 
Затем откройте ip адрес 127.0.0.1 в
браузере. Если все работает, то вы должны увидеть тестовую страничку:
Несмотря на то, что все работает и так, нам необходима небольшая 
настройка httpd centos.
Чтобы уже все было правильно, давайте создадим виртуальный хост для 
нашего домена,
например, test.io. Конфигурационные файлы Httpd устроены немного по 
другом чем в Ubuntu.
Все они находятся в папке /etc/httpd, но разделены по поддиректориях:

conf — основной конфигурационный файл;
conf.d — дополнительные настройки, виртуальные домены;
conf.moules.d — конфигурационные файлы модулей.

Утилит a2ensite, a2enmod здесь нет, поэтому вам придется вручную
редактировать конфигурационные файлы для добавления той или иной
 возможности. Чтобы добавить виртуальный хост для нашего домена создадим файл 
/etc/httpd/conf.d/test.io.conf со следующим
содержимым:

sudo mcedit /etc/httpd/conf.d/test.io.conf

<VirtualHost *:80>
ServerAdmin webmaster@test.io
ServerName test.io
ServerAlias www.test.io
DocumentRoot /var/www/test.io/public_html/
ErrorLog /var/www/test.io/logs/error.log
CustomLog /var/www/test.io/logs/access.log combined
</VirtualHost>

Создадим папку для только что настроенного виртуального хоста:
$ sudo mkdir -p /var/www/test.io/{public_html,logs}

Затем дадим на нее права пользователю Apache, 
от имени которого будет работать веб-сервер:
$ sudo chown -R apache /var/www/test.io/

И создадим файл index.html:
$ sudo geany /var/www/test.io/index.php

<html>
	<head>
	</head>
	<body>
		<p3>
			html part
		</p3>
		<p3>
			<?php
				echo "PHP Part";
			?>
		</p3>
	</body>
</html>

Поскольку мы разместили логи в отдельной директории, 
то нам нужно разрешить запись в нее
Apache с помощью SELinux:
$ sudo /sbin/restorecon -v /var/www/test.io/logs
Осталось перезапустить веб-сервер:
$ sudo systemctl restart httpd


Если ваша DNS запись домена уже направлена на IP адрес сервера, 
то уже можно тестировать. Если же нет, нужно добавить такую строчку 
в файл /etc/hosts на вашем компьютере, откуда вы
хотите подключаться к серверу:
ip_адрес_сервера test.io
Если Apache установлен на локальном компьютере, 
то можно использовать конструкцию:
$ mcedit vi /etc/hosts
Встроить
127.0.0.1 test.io

Если все было сделано правильно, то вы увидите сообщение Hello World в окне
браузера. Установка httpd centos завершена и теперь можно переходить к следующему этапу.
